  console.warn
    ΓÜá∩╕Å Redis offline. Running in standard mode (No-Cache/Direct-Emails).

    [0m [90m 40 |[39m setTimeout(() [33m=>[39m {
     [90m 41 |[39m   [36mif[39m ([33m![39mredisStatus[33m.[39misAvailable) {
    [31m[1m>[22m[39m[90m 42 |[39m     console[33m.[39mwarn([32m'ΓÜá∩╕Å Redis offline. Running in standard mode (No-Cache/Direct-Emails).'[39m)[33m;[39m
     [90m    |[39m             [31m[1m^[22m[39m
     [90m 43 |[39m     checkClient[33m.[39mdisconnect()[33m;[39m
     [90m 44 |[39m   }
     [90m 45 |[39m }[33m,[39m [35m1000[39m)[33m;[39m[0m

      at Timeout.warn [as _onTimeout] (src/config/redis.js:42:13)

  console.log
    ΓÜí Redis Connected

      at EventEmitter.log (src/services/cacheService.js:16:13)

  console.log
    ≡ƒÜÇ Redis detected! High-performance features enabled.

      at EventEmitter.log (src/config/redis.js:34:11)

  console.log
    ≡ƒôº Direct Email Sent: test_id

      at Object.log [as sendEmail] (src/services/emailService.js:50:15)

::ffff:127.0.0.1 - - [12/Apr/2026:16:13:37 +0000] "POST /api/auth/register HTTP/1.1" 201 398 "-" "-"
::ffff:127.0.0.1 - - [12/Apr/2026:16:13:38 +0000] "POST /api/auth/register HTTP/1.1" 400 487 "-" "-"
  console.log
    ≡ƒôº Direct Email Sent: test_id

      at Object.log [as sendEmail] (src/services/emailService.js:50:15)

::ffff:127.0.0.1 - - [12/Apr/2026:16:13:39 +0000] "POST /api/auth/register HTTP/1.1" 201 398 "-" "-"
::ffff:127.0.0.1 - - [12/Apr/2026:16:13:39 +0000] "POST /api/auth/login HTTP/1.1" 200 391 "-" "-"
  console.log
    ≡ƒôº Direct Email Sent: test_id

      at Object.log [as sendEmail] (src/services/emailService.js:50:15)

::ffff:127.0.0.1 - - [12/Apr/2026:16:13:40 +0000] "POST /api/auth/register HTTP/1.1" 201 398 "-" "-"
::ffff:127.0.0.1 - - [12/Apr/2026:16:13:40 +0000] "POST /api/auth/login HTTP/1.1" 401 406 "-" "-"
::ffff:127.0.0.1 - - [12/Apr/2026:16:13:40 +0000] "POST /api/auth/register HTTP/1.1" 500 2548 "-" "-"
  console.log
    Error Body: {
      "success": false,
      "status": "error",
      "error": {
        "statusCode": 500,
        "status": "error"
      },
      "message": "Cannot read properties of undefined (reading 'map')",
      "stack": "TypeError: Cannot read properties of undefined (reading 'map')\n    at map (C:\\Users\\atifj\\OneDrive\\Desktop\\edu project\\Backend\\src\\middleware\\validate.middleware.js:13:35)\n    at Layer.handle [as handle_request] (C:\\Users\\atifj\\OneDrive\\Desktop\\edu project\\Backend\\node_modules\\express\\lib\\router\\layer.js:95:5)\n    at next (C:\\Users\\atifj\\OneDrive\\Desktop\\edu project\\Backend\\node_modules\\express\\lib\\router\\route.js:149:13)\n    at Route.dispatch (C:\\Users\\atifj\\OneDrive\\Desktop\\edu project\\Backend\\node_modules\\express\\lib\\router\\route.js:119:3)\n    at Layer.handle [as handle_request] (C:\\Users\\atifj\\OneDrive\\Desktop\\edu project\\Backend\\node_modules\\express\\lib\\router\\layer.js:95:5)\n    at C:\\Users\\atifj\\OneDrive\\Desktop\\edu project\\Backend\\node_modules\\express\\lib\\router\\index.js:284:15\n    at Function.process_params (C:\\Users\\atifj\\OneDrive\\Desktop\\edu project\\Backend\\node_modules\\express\\lib\\router\\index.js:346:12)\n    at next (C:\\Users\\atifj\\OneDrive\\Desktop\\edu project\\Backend\\node_modules\\express\\lib\\router\\index.js:280:10)\n    at Function.handle (C:\\Users\\atifj\\OneDrive\\Desktop\\edu project\\Backend\\node_modules\\express\\lib\\router\\index.js:175:3)\n    at router (C:\\Users\\atifj\\OneDrive\\Desktop\\edu project\\Backend\\node_modules\\express\\lib\\router\\index.js:47:12)\n    at Layer.handle [as handle_request] (C:\\Users\\atifj\\OneDrive\\Desktop\\edu project\\Backend\\node_modules\\express\\lib\\router\\layer.js:95:5)\n    at trim_prefix (C:\\Users\\atifj\\OneDrive\\Desktop\\edu project\\Backend\\node_modules\\express\\lib\\router\\index.js:328:13)\n    at C:\\Users\\atifj\\OneDrive\\Desktop\\edu project\\Backend\\node_modules\\express\\lib\\router\\index.js:286:9\n    at Function.process_params (C:\\Users\\atifj\\OneDrive\\Desktop\\edu project\\Backend\\node_modules\\express\\lib\\router\\index.js:346:12)\n    at next (C:\\Users\\atifj\\OneDrive\\Desktop\\edu project\\Backend\\node_modules\\express\\lib\\router\\index.js:280:10)\n    at C:\\Users\\atifj\\OneDrive\\Desktop\\edu project\\Backend\\node_modules\\express-rate-limit\\dist\\index.cjs:706:9\n    at processTicksAndRejections (node:internal/process/task_queues:105:5)\n    at C:\\Users\\atifj\\OneDrive\\Desktop\\edu project\\Backend\\node_modules\\express-rate-limit\\dist\\index.cjs:691:5"
    }

      at Object.log (src/tests/auth.test.js:88:15)

node.exe : FAIL src/tests/auth.test.js (9.701 s)
At C:\nvm4w\nodejs\npx.ps1:29 char:3
+   & $NODE_EXE $NPX_CLI_JS $args
+   ~~~~~~~~~~~~~~~~~~~~~~~~~~~~~
    + CategoryInfo          : NotSpecified: (FAIL src/tests/auth.test.js (9.701 s):String) [], RemoteException
    + FullyQualifiedErrorId : NativeCommandError
 
  Auth Integration Tests
    ΓêÜ SHOULD register a new student user (873 ms)
    ΓêÜ SHOULD NOT register an existing user (603 ms)
    ΓêÜ SHOULD login an existing user (1116 ms)
    ΓêÜ SHOULD NOT login with wrong credentials (1199 ms)
    ├ù SHOULD return error for invalid registration data (Zod) (34 ms)

  ΓùÅ Auth Integration Tests ΓÇ║ SHOULD return error for invalid registration data (Zod)

    expect(received).toEqual(expected) // deep equality

    Expected: 400
    Received: 500

    [0m [90m 89 |[39m     }
     [90m 90 |[39m
    [31m[1m>[22m[39m[90m 91 |[39m     
expect(res[33m.[39mstatusCode)[33m.[39mtoEqual([35m400[39m)[33m;[39m
     [90m    |[39m                            [31m[1m^[22m[39m
     [90m 92 |[39m     expect(res[33m.[39mbody[33m.[39msuccess)[33m.[39mtoBe([36mfalse[39m)[33m;[39m
     [90m 93 |[39m     expect(res[33m.[39mbody[33m.[39merror)[33m.[39mtoBeDefined()[33m;[39m
     [90m 94 |[39m   })[33m;[39m[0m

      at Object.toEqual (src/tests/auth.test.js:91:28)

Test Suites: 1 failed, 1 total
Tests:       1 failed, 4 passed, 5 total
Snapshots:   0 total
Time:        9.852 s, estimated 11 s
Ran all test suites matching src/tests/auth.test.js.
Jest did not exit one second after the test run has completed.

'This usually means that there are asynchronous operations that weren't stopped in your tests. Consider running Jest 
with `--detectOpenHandles` to troubleshoot this issue.
  console.error
    Γ¥î Redis Error: read ECONNRESET

    [0m [90m 23 |[39m       [90m// Sliently handle connection refused[39m
     [90m 24 |[39m     } [36melse[39m {
    [31m[1m>[22m[39m[90m 25 |[39m       console[33m.[39merror([32m'Γ¥î Redis Error:'[39m[33m,[39m err[33m.[39mmessage)[33m;[39m
     [90m    |[39m               [31m[1m^[22m[39m
     [90m 26 |[39m     }
     [90m 27 |[39m   })[33m;[39m
     [90m 28 |[39m[0m

      at EventEmitter.error (src/services/cacheService.js:25:15)
      at EventEmitter.silentEmit (node_modules/ioredis/built/Redis.js:529:30)
      at Socket.<anonymous> (node_modules/ioredis/built/redis/event_handler.js:221:14)


  ΓùÅ  Cannot log after tests are done. Did you forget to wait for something async in your test?
    Attempted to log "ΓÜí Redis Connected".

    [0m [90m 14 |[39m   redis[33m.[39mon([32m'connect'[39m[33m,[39m () [33m=>[39m {
     [90m 15 |[39m     redisConnected [33m=[39m [36mtrue[39m[33m;[39m
    [31m[1m>[22m[39m[90m 16 |[39m     console[33m.[39mlog([32m'ΓÜí Redis Connected'[39m)[33m;[39m
     [90m    |[39m             [31m[1m^[22m[39m
     [90m 17 |[39m   })[33m;[39m
     [90m 18 |[39m
     [90m 19 |[39m   redis[33m.[39mon([32m'error'[39m[33m,[39m (err) [33m=>[39m {[0m

      at console.log (node_modules/@jest/console/build/index.js:311:10)
      at EventEmitter.log (src/services/cacheService.js:16:13)

